48 matches in 48 files:

101:0:06:30][DEBUG][dub] [measure] measure=synth id=17 pass=0 rate=1.000 tgt_chars=...
104:0:06:32][DEBUG][dub] [measure] measure=synth id=18 pass=0 rate=1.000 tgt_chars=...
11:0:05:34][DEBUG][cli] [measure] measure=translate id=3 start=8.399 end=9.719 slo...
111:0:06:33][DEBUG][dub] [measure] measure=synth id=0 pass=1 rate=0.900 tgt_chars=2...
114:0:06:34][DEBUG][dub] [measure] measure=synth id=1 pass=1 rate=0.900 tgt_chars=2...
117:0:06:36][DEBUG][dub] [measure] measure=synth id=2 pass=1 rate=0.900 tgt_chars=3...
120:0:06:39][DEBUG][dub] [measure] measure=synth id=3 pass=1 rate=0.900 tgt_chars=1...
123:0:06:40][DEBUG][dub] [measure] measure=synth id=4 pass=1 rate=0.900 tgt_chars=3...
126:0:06:41][DEBUG][dub] [measure] measure=synth id=5 pass=1 rate=0.900 tgt_chars=2...
129:0:06:43][DEBUG][dub] [measure] measure=synth id=6 pass=1 rate=0.900 tgt_chars=1...
13:0:05:35][DEBUG][cli] [measure] measure=translate id=4 start=10.159 end=10.920 s...
132:0:06:44][DEBUG][dub] [measure] measure=synth id=7 pass=1 rate=0.900 tgt_chars=2...
135:0:06:46][DEBUG][dub] [measure] measure=synth id=8 pass=1 rate=0.900 tgt_chars=2...
138:0:06:47][DEBUG][dub] [measure] measure=synth id=9 pass=1 rate=0.900 tgt_chars=1...
15:0:05:38][DEBUG][cli] [measure] measure=translate id=5 start=10.979 end=13.559 s...
17:0:05:39][DEBUG][cli] [measure] measure=translate id=6 start=14.239 end=15.239 s...
19:0:05:41][DEBUG][cli] [measure] measure=translate id=7 start=15.479 end=17.579 s...
21:0:05:42][DEBUG][cli] [measure] measure=translate id=8 start=18.840 end=20.639 s...
23:0:05:44][DEBUG][cli] [measure] measure=translate id=9 start=21.319 end=23.139 s...
25:0:05:51][DEBUG][cli] [measure] measure=translate id=10 start=25.420 end=30.899 ...
27:0:05:52][DEBUG][cli] [measure] measure=translate id=11 start=30.939 end=30.939 ...
29:0:05:54][DEBUG][cli] [measure] measure=translate id=12 start=31.000 end=32.719 ...
31:0:05:55][DEBUG][cli] [measure] measure=translate id=13 start=32.799 end=34.059 ...
33:0:05:57][DEBUG][cli] [measure] measure=translate id=14 start=34.099 end=35.500 ...
35:0:05:58][DEBUG][cli] [measure] measure=translate id=15 start=35.579 end=36.540 ...
37:0:05:59][DEBUG][cli] [measure] measure=translate id=16 start=39.979 end=40.759 ...
39:0:06:01][DEBUG][cli] [measure] measure=translate id=17 start=40.879 end=41.819 ...
41:0:06:03][DEBUG][cli] [measure] measure=translate id=18 start=42.399 end=44.579 ...
5:0:05:29][DEBUG][cli] [measure] measure=translate id=0 start=2.019 end=3.619 slo...
50:0:06:06][DEBUG][dub] [measure] measure=synth id=0 pass=0 rate=1.000 tgt_chars=2...
53:0:06:07][DEBUG][dub] [measure] measure=synth id=1 pass=0 rate=1.000 tgt_chars=2...
56:0:06:08][DEBUG][dub] [measure] measure=synth id=2 pass=0 rate=1.000 tgt_chars=3...
59:0:06:10][DEBUG][dub] [measure] measure=synth id=3 pass=0 rate=1.000 tgt_chars=1...
62:0:06:11][DEBUG][dub] [measure] measure=synth id=4 pass=0 rate=1.000 tgt_chars=3...
65:0:06:14][DEBUG][dub] [measure] measure=synth id=5 pass=0 rate=1.000 tgt_chars=2...
68:0:06:15][DEBUG][dub] [measure] measure=synth id=6 pass=0 rate=1.000 tgt_chars=1...
7:0:05:30][DEBUG][cli] [measure] measure=translate id=1 start=3.980 end=5.539 slo...
71:0:06:16][DEBUG][dub] [measure] measure=synth id=7 pass=0 rate=1.000 tgt_chars=2...
74:0:06:19][DEBUG][dub] [measure] measure=synth id=8 pass=0 rate=1.000 tgt_chars=2...
77:0:06:21][DEBUG][dub] [measure] measure=synth id=9 pass=0 rate=1.000 tgt_chars=1...
80:0:06:22][DEBUG][dub] [measure] measure=synth id=10 pass=0 rate=1.000 tgt_chars=...
83:0:06:24][DEBUG][dub] [measure] measure=synth id=11 pass=0 rate=1.000 tgt_chars=...
86:0:06:25][DEBUG][dub] [measure] measure=synth id=12 pass=0 rate=1.000 tgt_chars=...
89:0:06:26][DEBUG][dub] [measure] measure=synth id=13 pass=0 rate=1.000 tgt_chars=...
9:0:05:32][DEBUG][cli] [measure] measure=translate id=2 start=5.859 end=8.179 slo...
92:0:06:27][DEBUG][dub] [measure] measure=synth id=14 pass=0 rate=1.000 tgt_chars=...
95:0:06:28][DEBUG][dub] [measure] measure=synth id=15 pass=0 rate=1.000 tgt_chars=...
98:0:06:29][DEBUG][dub] [measure] measure=synth id=16 pass=0 rate=1.000 tgt_chars=...
