51 matches in 51 files:

107:0:23:47][DEBUG][dub] [measure] measure=synth id=0 pass=1 rate=0.900 tgt_chars=2...
11:0:22:41][DEBUG][cli] [measure] measure=translate id=3 start=8.399 end=9.719 slo...
110:0:23:48][DEBUG][dub] [measure] measure=synth id=1 pass=1 rate=0.900 tgt_chars=2...
113:0:23:50][DEBUG][dub] [measure] measure=synth id=2 pass=1 rate=0.900 tgt_chars=4...
116:0:23:51][DEBUG][dub] [measure] measure=synth id=3 pass=1 rate=0.900 tgt_chars=1...
119:0:23:53][DEBUG][dub] [measure] measure=synth id=4 pass=1 rate=0.900 tgt_chars=3...
122:0:23:55][DEBUG][dub] [measure] measure=synth id=5 pass=1 rate=0.900 tgt_chars=2...
125:0:23:56][DEBUG][dub] [measure] measure=synth id=6 pass=1 rate=0.900 tgt_chars=1...
128:0:23:57][DEBUG][dub] [measure] measure=synth id=7 pass=1 rate=0.900 tgt_chars=2...
13:0:22:42][DEBUG][cli] [measure] measure=translate id=4 start=10.159 end=10.920 s...
131:0:23:58][DEBUG][dub] [measure] measure=synth id=8 pass=1 rate=0.900 tgt_chars=3...
134:0:23:59][DEBUG][dub] [measure] measure=synth id=9 pass=1 rate=0.900 tgt_chars=1...
137:0:24:01][DEBUG][dub] [measure] measure=synth id=10 pass=1 rate=0.900 tgt_chars=...
140:0:24:02][DEBUG][dub] [measure] measure=synth id=11 pass=1 rate=0.900 tgt_chars=...
143:0:24:03][DEBUG][dub] [measure] measure=synth id=12 pass=1 rate=0.900 tgt_chars=...
146:0:24:05][DEBUG][dub] [measure] measure=synth id=13 pass=1 rate=0.900 tgt_chars=...
149:0:24:06][DEBUG][dub] [measure] measure=synth id=14 pass=1 rate=0.900 tgt_chars=...
15:0:22:45][DEBUG][cli] [measure] measure=translate id=5 start=10.979 end=13.559 s...
17:0:22:46][DEBUG][cli] [measure] measure=translate id=6 start=14.239 end=15.239 s...
19:0:22:50][DEBUG][cli] [measure] measure=translate id=7 start=15.479 end=17.579 s...
21:0:22:52][DEBUG][cli] [measure] measure=translate id=8 start=18.840 end=20.639 s...
23:0:22:53][DEBUG][cli] [measure] measure=translate id=9 start=21.319 end=23.139 s...
25:0:22:59][DEBUG][cli] [measure] measure=translate id=10 start=25.420 end=30.939 ...
27:0:23:02][DEBUG][cli] [measure] measure=translate id=11 start=31.000 end=32.719 ...
29:0:23:03][DEBUG][cli] [measure] measure=translate id=12 start=32.799 end=34.059 ...
31:0:23:05][DEBUG][cli] [measure] measure=translate id=13 start=34.099 end=35.520 ...
33:0:23:06][DEBUG][cli] [measure] measure=translate id=14 start=35.579 end=36.540 ...
35:0:23:08][DEBUG][cli] [measure] measure=translate id=15 start=40.000 end=40.759 ...
37:0:23:09][DEBUG][cli] [measure] measure=translate id=16 start=40.879 end=41.839 ...
39:0:23:12][DEBUG][cli] [measure] measure=translate id=17 start=42.399 end=44.579 ...
48:0:23:17][DEBUG][dub] [measure] measure=synth id=0 pass=0 rate=1.000 tgt_chars=2...
5:0:22:35][DEBUG][cli] [measure] measure=translate id=0 start=2.019 end=3.619 slo...
51:0:23:18][DEBUG][dub] [measure] measure=synth id=1 pass=0 rate=1.000 tgt_chars=2...
54:0:23:20][DEBUG][dub] [measure] measure=synth id=2 pass=0 rate=1.000 tgt_chars=4...
57:0:23:22][DEBUG][dub] [measure] measure=synth id=3 pass=0 rate=1.000 tgt_chars=1...
60:0:23:22][DEBUG][dub] [measure] measure=synth id=4 pass=0 rate=1.000 tgt_chars=3...
63:0:23:25][DEBUG][dub] [measure] measure=synth id=5 pass=0 rate=1.000 tgt_chars=2...
66:0:23:26][DEBUG][dub] [measure] measure=synth id=6 pass=0 rate=1.000 tgt_chars=1...
69:0:23:27][DEBUG][dub] [measure] measure=synth id=7 pass=0 rate=1.000 tgt_chars=2...
7:0:22:37][DEBUG][cli] [measure] measure=translate id=1 start=3.980 end=5.539 slo...
72:0:23:29][DEBUG][dub] [measure] measure=synth id=8 pass=0 rate=1.000 tgt_chars=3...
75:0:23:31][DEBUG][dub] [measure] measure=synth id=9 pass=0 rate=1.000 tgt_chars=1...
78:0:23:34][DEBUG][dub] [measure] measure=synth id=10 pass=0 rate=1.000 tgt_chars=...
81:0:23:36][DEBUG][dub] [measure] measure=synth id=11 pass=0 rate=1.000 tgt_chars=...
84:0:23:37][DEBUG][dub] [measure] measure=synth id=12 pass=0 rate=1.000 tgt_chars=...
87:0:23:40][DEBUG][dub] [measure] measure=synth id=13 pass=0 rate=1.000 tgt_chars=...
9:0:22:38][DEBUG][cli] [measure] measure=translate id=2 start=5.859 end=8.179 slo...
90:0:23:41][DEBUG][dub] [measure] measure=synth id=14 pass=0 rate=1.000 tgt_chars=...
93:0:23:42][DEBUG][dub] [measure] measure=synth id=15 pass=0 rate=1.000 tgt_chars=...
96:0:23:43][DEBUG][dub] [measure] measure=synth id=16 pass=0 rate=1.000 tgt_chars=...
99:0:23:45][DEBUG][dub] [measure] measure=synth id=17 pass=0 rate=1.000 tgt_chars=...
